// Jest Snapshot v1, https://goo.gl/fbAQLP

exports[`Header renders correctly 1`] = `
<nav
  className="navbar navbar navbar-expand-lg navbar-light sticky-top"
  id="header"
  role="navigation"
>
  <div
    className="sc-bdfBwQ BMotC"
  >
    <a
      className="nav-link"
      href="/"
      onClick={[Function]}
      onKeyDown={[Function]}
    >
      alexhipolito
    </a>
  </div>
  <button
    aria-controls="basic-navbar-nav"
    aria-label="Toggle navigation"
    className="navbar-toggler collapsed"
    onClick={[Function]}
    type="button"
  >
    <span
      className="navbar-toggler-icon"
    />
  </button>
  <div
    aria-expanded={null}
    className="navbar-collapse collapse"
    id="basic-navbar-nav"
  >
    <div
      className="mr-auto navbar-nav"
      onKeyDown={[Function]}
    >
      <a
        className="nav-link"
        data-rb-event-key="#about"
        href="#about"
        onClick={[Function]}
        onKeyDown={[Function]}
      >
        about
      </a>
      <a
        className="nav-link"
        data-rb-event-key="#portfolio"
        href="#portfolio"
        onClick={[Function]}
        onKeyDown={[Function]}
      >
        portfolio
      </a>
      <a
        className="nav-link"
        data-rb-event-key="#resume"
        href="#resume"
        onClick={[Function]}
        onKeyDown={[Function]}
      >
        résumé
      </a>
      <a
        className="nav-link"
        data-rb-event-key="#contact"
        href="#contact"
        onClick={[Function]}
        onKeyDown={[Function]}
      >
        contact
      </a>
    </div>
  </div>
</nav>
`;
