// Jest Snapshot v1, https://goo.gl/fbAQLP

exports[`Header renders correctly 1`] = `
<nav
  className="navbar navbar navbar-expand-lg navbar-light fixed-top"
  id="header"
  role="navigation"
>
  <div
    className="sc-bdfBwQ ieCRGZ"
  >
    <a
      className="nav-link"
      href="#"
      onClick={[Function]}
      onKeyDown={[Function]}
      role="button"
    >
      alexhipolito
    </a>
  </div>
  <button
    aria-controls="basic-navbar-nav"
    aria-label="Toggle navigation"
    className="navbar-toggler collapsed"
    onClick={[Function]}
    type="button"
  >
    <span
      className="navbar-toggler-icon"
    />
  </button>
  <div
    aria-expanded={null}
    className="navbar-collapse collapse"
    id="basic-navbar-nav"
  >
    <div
      className="mr-auto navbar-nav"
      onKeyDown={[Function]}
    >
      <a
        className="nav-link"
        data-rb-event-key={null}
        href="#"
        onClick={[Function]}
        onKeyDown={[Function]}
        role="button"
        style={
          Object {
            "color": "#000",
          }
        }
      >
        about
      </a>
      <a
        className="nav-link"
        data-rb-event-key={null}
        href="#"
        onClick={[Function]}
        onKeyDown={[Function]}
        role="button"
        style={
          Object {
            "color": "#000",
          }
        }
      >
        portfolio
      </a>
      <a
        className="nav-link"
        data-rb-event-key={null}
        href="#"
        onClick={[Function]}
        onKeyDown={[Function]}
        role="button"
        style={
          Object {
            "color": "#000",
          }
        }
      >
        résumé
      </a>
      <a
        className="nav-link"
        data-rb-event-key={null}
        href="#"
        onClick={[Function]}
        onKeyDown={[Function]}
        role="button"
        style={
          Object {
            "color": "#000",
          }
        }
      >
        contact
      </a>
    </div>
  </div>
</nav>
`;
