// Jest Snapshot v1, https://goo.gl/fbAQLP

exports[`Hero renders correctly 1`] = `
<div
  className="jumbotron jumbotron-fluid"
  id="hero"
>
  <div
    className="align-items-center align-self-center justify-content-center row"
  >
    <div
      className="col"
    >
      <section
        className="sc-bdfBwQ ifZQaX"
      >
        <div>
          <h1
            className="title display-4"
          >
            Hello, kumusta ka?
             
            I'm Alex.
          </h1>
          <h2
            className="subtitle display-5"
          />
        </div>
      </section>
    </div>
    <div
      className="col"
    >
      <div
        className="heroImage"
      >
        <img
          alt="Fixing software bugs illustration from Undraw"
          src="test-file-stub"
        />
      </div>
    </div>
  </div>
  <svg
    viewBox="0 0 1440 200"
    xmlns="http://www.w3.org/2000/svg"
  >
    <path
      d="M0,32L60,32C120,32,240,32,360,58.7C480,85,600,139,720,165.3C840,192,960,192,1080,186.7C1200,181,1320,171,1380,165.3L1440,160L1440,320L1380,320C1320,320,1200,320,1080,320C960,320,840,320,720,320C600,320,480,320,360,320C240,320,120,320,60,320L0,320Z"
      fill="#fff"
      fillOpacity="1"
    />
  </svg>
</div>
`;
